// Jest Snapshot v1, https://goo.gl/fbAQLP

exports[`renders correctly 1`] = `
<Image
  source={{}}
  style={
    [
      {
        "height": 0,
        "width": 0,
      },
      undefined,
    ]
  }
/>
`;
