// Jest Snapshot v1, https://goo.gl/fbAQLP

exports[`renders correctly 1`] = `
<View
  accessibilityState={
    {
      "busy": undefined,
      "checked": undefined,
      "disabled": undefined,
      "expanded": undefined,
      "selected": undefined,
    }
  }
  accessibilityValue={
    {
      "max": undefined,
      "min": undefined,
      "now": undefined,
      "text": undefined,
    }
  }
  accessible={true}
  collapsable={false}
  focusable={true}
  onClick={[Function]}
  onResponderGrant={[Function]}
  onResponderMove={[Function]}
  onResponderRelease={[Function]}
  onResponderTerminate={[Function]}
  onResponderTerminationRequest={[Function]}
  onStartShouldSetResponder={[Function]}
  style={
    {
      "alignItems": "center",
      "backgroundColor": "rgb(28, 28, 30)",
      "borderRadius": 16,
      "height": 32,
      "justifyContent": "center",
      "opacity": 0.8,
      "width": 32,
    }
  }
>
  <Text
    allowFontScaling={false}
    selectable={false}
    style={
      [
        {
          "color": undefined,
          "fontSize": 24,
        },
        [
          {
            "marginRight": 4,
          },
          {
            "color": "rgb(242, 242, 242)",
          },
        ],
        {
          "fontFamily": "Ionicons",
          "fontStyle": "normal",
          "fontWeight": "normal",
        },
        {},
      ]
    }
  >
    î¬ª
  </Text>
</View>
`;
