// Jest Snapshot v1, https://goo.gl/fbAQLP

exports[`renders correctly 1`] = `
<View
  style={
    [
      {
        "alignItems": "center",
        "borderRadius": 100,
        "flexDirection": "row",
        "paddingHorizontal": 8,
        "paddingVertical": 4,
      },
      {
        "backgroundColor": "rgb(216, 216, 216)",
      },
      undefined,
    ]
  }
>
  <TextInput
    placeholder="search"
    placeholderTextColor="#666666"
    style={
      [
        {
          "flex": 1,
          "padding": 8,
        },
        undefined,
        {
          "color": "rgb(28, 28, 30)",
        },
      ]
    }
    underlineColorAndroid="transparent"
  />
  <Text
    allowFontScaling={false}
    selectable={false}
    style={
      [
        {
          "color": undefined,
          "fontSize": 24,
        },
        {
          "color": "#666666",
        },
        {
          "fontFamily": "Ionicons",
          "fontStyle": "normal",
          "fontWeight": "normal",
        },
        {},
      ]
    }
  >
    î¹ 
  </Text>
</View>
`;
